mode: atomic
processing_core/cmd/main.go:32.13,53.16 5 0
processing_core/cmd/main.go:53.16,55.3 1 0
processing_core/cmd/main.go:58.2,132.16 16 0
processing_core/cmd/main.go:132.16,134.3 1 0
processing_core/cmd/main.go:137.2,137.12 1 0
processing_core/cmd/main.go:137.12,139.3 1 0
processing_core/cmd/main.go:142.2,142.12 1 0
processing_core/cmd/main.go:142.12,144.42 2 0
processing_core/cmd/main.go:144.42,146.4 1 0
processing_core/cmd/main.go:150.2,150.12 1 0
processing_core/cmd/main.go:150.12,154.3 3 0
processing_core/cmd/main.go:157.2,161.23 5 0
processing_core/cmd/main.go:164.42,165.40 1 0
processing_core/cmd/main.go:165.40,167.3 1 0
processing_core/cmd/main.go:168.2,168.17 1 0
processing_core/cmd/main.go:171.49,178.16 4 0
processing_core/cmd/main.go:178.16,180.3 1 0
processing_core/cmd/main.go:181.2,181.13 1 0
processing_core/cmd/metrics.go:18.31,24.25 1 0
processing_core/cmd/metrics.go:24.25,40.17 8 0
processing_core/cmd/metrics.go:40.17,43.4 2 0
processing_core/cmd/metrics.go:45.3,45.19 1 0
processing_core/cmd/metrics.go:49.40,50.9 1 0
processing_core/cmd/metrics.go:51.40,52.28 1 0
processing_core/cmd/metrics.go:53.59,54.27 1 0
processing_core/cmd/metrics.go:55.55,56.26 1 0
processing_core/cmd/metrics.go:57.10,58.17 1 0
processing_core/generated/proc_core_db/public/table/outbox.go:40.52,42.2 1 0
processing_core/generated/proc_core_db/public/table/outbox.go:45.65,47.2 1 0
processing_core/generated/proc_core_db/public/table/outbox.go:50.61,52.2 1 0
processing_core/generated/proc_core_db/public/table/outbox.go:55.61,57.2 1 0
processing_core/generated/proc_core_db/public/table/outbox.go:59.71,64.2 1 0
processing_core/generated/proc_core_db/public/table/outbox.go:66.74,96.2 2 0
processing_core/generated/proc_core_db/public/table/schema_migrations.go:35.72,37.2 1 0
processing_core/generated/proc_core_db/public/table/schema_migrations.go:40.85,42.2 1 0
processing_core/generated/proc_core_db/public/table/schema_migrations.go:45.81,47.2 1 0
processing_core/generated/proc_core_db/public/table/schema_migrations.go:50.81,52.2 1 0
processing_core/generated/proc_core_db/public/table/schema_migrations.go:54.91,59.2 1 0
processing_core/generated/proc_core_db/public/table/schema_migrations.go:61.94,81.2 2 0
processing_core/generated/proc_core_db/public/table/table_use_schema.go:12.31,17.2 4 0
processing_core/generated/proc_core_db/public/table/transactions_history.go:46.78,48.2 1 0
processing_core/generated/proc_core_db/public/table/transactions_history.go:51.91,53.2 1 0
processing_core/generated/proc_core_db/public/table/transactions_history.go:56.87,58.2 1 0
processing_core/generated/proc_core_db/public/table/transactions_history.go:61.87,63.2 1 0
processing_core/generated/proc_core_db/public/table/transactions_history.go:65.97,70.2 1 0
processing_core/generated/proc_core_db/public/table/transactions_history.go:72.100,114.2 2 0
processing_core/generated/proc_core_db/public/table/user_balance.go:38.62,40.2 1 0
processing_core/generated/proc_core_db/public/table/user_balance.go:43.75,45.2 1 0
processing_core/generated/proc_core_db/public/table/user_balance.go:48.71,50.2 1 0
processing_core/generated/proc_core_db/public/table/user_balance.go:53.71,55.2 1 0
processing_core/generated/proc_core_db/public/table/user_balance.go:57.81,62.2 1 0
processing_core/generated/proc_core_db/public/table/user_balance.go:64.84,90.2 2 0
processing_core/generated/proc_core_db/public/model/transaction_type.go:29.57,31.29 2 0
processing_core/generated/proc_core_db/public/model/transaction_type.go:32.14,33.18 1 0
processing_core/generated/proc_core_db/public/model/transaction_type.go:34.14,35.26 1 0
processing_core/generated/proc_core_db/public/model/transaction_type.go:36.10,37.116 1 0
processing_core/generated/proc_core_db/public/model/transaction_type.go:40.2,40.19 1 0
processing_core/generated/proc_core_db/public/model/transaction_type.go:41.18,42.32 1 0
processing_core/generated/proc_core_db/public/model/transaction_type.go:43.17,44.30 1 0
processing_core/generated/proc_core_db/public/model/transaction_type.go:45.18,46.31 1 0
processing_core/generated/proc_core_db/public/model/transaction_type.go:47.22,48.35 1 0
processing_core/generated/proc_core_db/public/model/transaction_type.go:49.10,50.92 1 0
processing_core/generated/proc_core_db/public/model/transaction_type.go:53.2,53.12 1 0
processing_core/generated/proc_core_db/public/model/transaction_type.go:56.42,58.2 1 0
processing_core/internal/outbox/mocks/publisher.go:34.71,38.2 3 0
processing_core/internal/outbox/mocks/publisher.go:41.69,43.2 1 0
processing_core/internal/outbox/mocks/publisher.go:46.98,52.2 5 0
processing_core/internal/outbox/mocks/publisher.go:55.80,58.2 2 0
processing_core/internal/outbox/mocks/publisher.go:73.61,77.2 3 0
processing_core/internal/outbox/mocks/publisher.go:80.59,82.2 1 0
processing_core/internal/outbox/mocks/publisher.go:85.87,90.2 4 0
processing_core/internal/outbox/mocks/publisher.go:93.76,96.2 2 0
processing_core/internal/outbox/mocks/publisher.go:111.59,115.2 3 0
processing_core/internal/outbox/mocks/publisher.go:118.57,120.2 1 0
processing_core/internal/outbox/mocks/publisher.go:123.102,129.2 5 0
processing_core/internal/outbox/mocks/publisher.go:132.85,135.2 2 0
processing_core/internal/outbox/mocks/publisher.go:138.98,143.2 4 0
processing_core/internal/outbox/mocks/publisher.go:146.91,149.2 2 0
processing_core/internal/app/mocks/service_mock.go:34.87,38.2 3 0
processing_core/internal/app/mocks/service_mock.go:41.85,43.2 1 0
processing_core/internal/app/mocks/service_mock.go:46.148,52.2 5 0
processing_core/internal/app/mocks/service_mock.go:55.95,58.2 2 0
processing_core/internal/app/mocks/service_mock.go:73.81,77.2 3 0
processing_core/internal/app/mocks/service_mock.go:80.79,82.2 1 0
processing_core/internal/app/mocks/service_mock.go:85.139,91.2 5 0
processing_core/internal/app/mocks/service_mock.go:94.92,97.2 2 0
processing_core/internal/app/mocks/service_mock.go:112.77,116.2 3 0
processing_core/internal/app/mocks/service_mock.go:119.75,121.2 1 0
processing_core/internal/app/mocks/service_mock.go:124.133,130.2 5 0
processing_core/internal/app/mocks/service_mock.go:133.90,136.2 2 0
processing_core/internal/app/mocks/service_mock.go:151.79,155.2 3 0
processing_core/internal/app/mocks/service_mock.go:158.77,160.2 1 0
processing_core/internal/app/mocks/service_mock.go:163.136,169.2 5 0
processing_core/internal/app/mocks/service_mock.go:172.91,175.2 2 0
processing_core/internal/app/model/cash_in.go:15.75,21.2 1 0
processing_core/internal/app/model/cash_out.go:18.78,24.2 1 0
processing_core/internal/app/model/internal.go:18.81,24.2 1 0
processing_core/internal/app/model/sbp_outgoing.go:20.85,27.2 1 0
processing_core/internal/app/model/transaction.go:23.70,34.2 1 0
processing_core/internal/helpers/mocks/antifraud_client_mock.go:34.79,38.2 3 0
processing_core/internal/helpers/mocks/antifraud_client_mock.go:41.77,43.2 1 0
processing_core/internal/helpers/mocks/antifraud_client_mock.go:46.146,49.25 3 0
processing_core/internal/helpers/mocks/antifraud_client_mock.go:49.25,51.3 1 0
processing_core/internal/helpers/mocks/antifraud_client_mock.go:52.2,55.19 4 0
processing_core/internal/helpers/mocks/antifraud_client_mock.go:59.93,63.2 3 0
processing_core/internal/helpers/mocks/antifraud_client_mock.go:66.147,69.25 3 0
processing_core/internal/helpers/mocks/antifraud_client_mock.go:69.25,71.3 1 0
processing_core/internal/helpers/mocks/antifraud_client_mock.go:72.2,75.19 4 0
processing_core/internal/helpers/mocks/antifraud_client_mock.go:79.94,83.2 3 0
processing_core/internal/helpers/mocks/antifraud_client_mock.go:86.150,89.25 3 0
processing_core/internal/helpers/mocks/antifraud_client_mock.go:89.25,91.3 1 0
processing_core/internal/helpers/mocks/antifraud_client_mock.go:92.2,95.19 4 0
processing_core/internal/helpers/mocks/antifraud_client_mock.go:99.97,103.2 3 0
processing_core/internal/helpers/mocks/antifraud_client_mock.go:118.79,122.2 3 0
processing_core/internal/helpers/mocks/antifraud_client_mock.go:125.77,127.2 1 0
processing_core/internal/helpers/mocks/antifraud_client_mock.go:130.124,136.2 5 0
processing_core/internal/helpers/mocks/antifraud_client_mock.go:139.83,142.2 2 0
processing_core/internal/helpers/mocks/antifraud_client_mock.go:145.125,151.2 5 0
processing_core/internal/helpers/mocks/antifraud_client_mock.go:154.84,157.2 2 0
processing_core/internal/helpers/mocks/antifraud_client_mock.go:160.128,166.2 5 0
processing_core/internal/helpers/mocks/antifraud_client_mock.go:169.87,172.2 2 0
processing_core/internal/helpers/mocks/antifraud_client_mock.go:175.75,178.2 2 0
processing_core/internal/helpers/mocks/antifraud_client_mock.go:181.101,184.2 2 0
processing_core/internal/helpers/mocks/antifraud_client_mock.go:199.91,203.2 3 0
processing_core/internal/helpers/mocks/antifraud_client_mock.go:206.89,208.2 1 0
processing_core/internal/helpers/mocks/antifraud_client_mock.go:211.81,214.2 2 0
processing_core/internal/helpers/mocks/antifraud_client_mock.go:217.107,220.2 2 0
processing_core/internal/utils/hash.go:10.41,13.16 3 0
processing_core/internal/utils/hash.go:13.16,15.3 1 0
processing_core/internal/utils/hash.go:17.2,17.23 1 0
processing_core/internal/utils/postgres.go:9.58,11.29 2 0
processing_core/internal/utils/postgres.go:11.29,13.3 1 0
processing_core/internal/utils/postgres.go:14.2,14.20 1 0
processing_core/internal/utils/postgres.go:18.57,20.29 2 0
processing_core/internal/utils/postgres.go:20.29,22.3 1 0
processing_core/internal/utils/postgres.go:23.2,23.20 1 0
processing_core/internal/usecases/mocks/cash_in_usecase_mock.go:35.65,39.2 3 0
processing_core/internal/usecases/mocks/cash_in_usecase_mock.go:42.63,44.2 1 0
processing_core/internal/usecases/mocks/cash_in_usecase_mock.go:47.95,52.2 4 0
processing_core/internal/usecases/mocks/cash_in_usecase_mock.go:55.86,58.2 2 0
processing_core/internal/usecases/mocks/cash_in_usecase_mock.go:61.89,66.2 4 0
processing_core/internal/usecases/mocks/cash_in_usecase_mock.go:69.78,72.2 2 0
processing_core/internal/usecases/mocks/cash_in_usecase_mock.go:87.77,91.2 3 0
processing_core/internal/usecases/mocks/cash_in_usecase_mock.go:94.75,96.2 1 0
processing_core/internal/usecases/mocks/cash_in_usecase_mock.go:99.119,105.2 5 0
processing_core/internal/usecases/mocks/cash_in_usecase_mock.go:108.101,111.2 2 0
processing_core/internal/usecases/mocks/cash_in_usecase_mock.go:114.122,119.2 4 0
processing_core/internal/usecases/mocks/cash_in_usecase_mock.go:122.107,125.2 2 0
processing_core/internal/usecases/mocks/cash_in_usecase_mock.go:128.127,133.2 4 0
processing_core/internal/usecases/mocks/cash_in_usecase_mock.go:136.102,139.2 2 0
processing_core/internal/usecases/mocks/cash_out_usecase_mock.go:36.79,40.2 3 0
processing_core/internal/usecases/mocks/cash_out_usecase_mock.go:43.77,45.2 1 0
processing_core/internal/usecases/mocks/cash_out_usecase_mock.go:48.120,54.2 5 0
processing_core/internal/usecases/mocks/cash_out_usecase_mock.go:57.102,60.2 2 0
processing_core/internal/usecases/mocks/cash_out_usecase_mock.go:63.123,68.2 4 0
processing_core/internal/usecases/mocks/cash_out_usecase_mock.go:71.108,74.2 2 0
processing_core/internal/usecases/mocks/cash_out_usecase_mock.go:77.128,82.2 4 0
processing_core/internal/usecases/mocks/cash_out_usecase_mock.go:85.103,88.2 2 0
processing_core/internal/usecases/mocks/cash_out_usecase_mock.go:103.87,107.2 3 0
processing_core/internal/usecases/mocks/cash_out_usecase_mock.go:110.85,112.2 1 0
processing_core/internal/usecases/mocks/cash_out_usecase_mock.go:115.117,120.2 4 0
processing_core/internal/usecases/mocks/cash_out_usecase_mock.go:123.96,126.2 2 0
processing_core/internal/usecases/mocks/cash_out_usecase_mock.go:141.77,145.2 3 0
processing_core/internal/usecases/mocks/cash_out_usecase_mock.go:148.75,150.2 1 0
processing_core/internal/usecases/mocks/cash_out_usecase_mock.go:153.93,156.2 2 0
processing_core/internal/usecases/mocks/cash_out_usecase_mock.go:159.88,162.2 2 0
processing_core/internal/usecases/mocks/internal_usecase_mock.go:36.81,40.2 3 0
processing_core/internal/usecases/mocks/internal_usecase_mock.go:43.79,45.2 1 0
processing_core/internal/usecases/mocks/internal_usecase_mock.go:48.121,54.2 5 0
processing_core/internal/usecases/mocks/internal_usecase_mock.go:57.103,60.2 2 0
processing_core/internal/usecases/mocks/internal_usecase_mock.go:63.124,68.2 4 0
processing_core/internal/usecases/mocks/internal_usecase_mock.go:71.109,74.2 2 0
processing_core/internal/usecases/mocks/internal_usecase_mock.go:77.129,82.2 4 0
processing_core/internal/usecases/mocks/internal_usecase_mock.go:85.104,88.2 2 0
processing_core/internal/usecases/mocks/internal_usecase_mock.go:103.89,107.2 3 0
processing_core/internal/usecases/mocks/internal_usecase_mock.go:110.87,112.2 1 0
processing_core/internal/usecases/mocks/internal_usecase_mock.go:115.120,120.2 4 0
processing_core/internal/usecases/mocks/internal_usecase_mock.go:123.98,126.2 2 0
processing_core/internal/usecases/mocks/sbp_outgoing_usecase_mock.go:36.87,40.2 3 0
processing_core/internal/usecases/mocks/sbp_outgoing_usecase_mock.go:43.85,45.2 1 0
processing_core/internal/usecases/mocks/sbp_outgoing_usecase_mock.go:48.124,54.2 5 0
processing_core/internal/usecases/mocks/sbp_outgoing_usecase_mock.go:57.106,60.2 2 0
processing_core/internal/usecases/mocks/sbp_outgoing_usecase_mock.go:63.127,68.2 4 0
processing_core/internal/usecases/mocks/sbp_outgoing_usecase_mock.go:71.112,74.2 2 0
processing_core/internal/usecases/mocks/sbp_outgoing_usecase_mock.go:77.132,82.2 4 0
processing_core/internal/usecases/mocks/sbp_outgoing_usecase_mock.go:85.107,88.2 2 0
processing_core/internal/usecases/mocks/sbp_outgoing_usecase_mock.go:103.95,107.2 3 0
processing_core/internal/usecases/mocks/sbp_outgoing_usecase_mock.go:110.93,112.2 1 0
processing_core/internal/usecases/mocks/sbp_outgoing_usecase_mock.go:115.129,120.2 4 0
processing_core/internal/usecases/mocks/sbp_outgoing_usecase_mock.go:123.104,126.2 2 0
processing_core/internal/usecases/mocks/sbp_outgoing_usecase_mock.go:141.91,145.2 3 0
processing_core/internal/usecases/mocks/sbp_outgoing_usecase_mock.go:148.89,150.2 1 0
processing_core/internal/usecases/mocks/sbp_outgoing_usecase_mock.go:153.104,156.2 2 0
processing_core/internal/usecases/mocks/sbp_outgoing_usecase_mock.go:159.99,162.2 2 0
processing_core/pkg/antifraud/antifraud.pb.go:55.50,59.2 3 0
processing_core/pkg/antifraud/antifraud.pb.go:61.42,63.2 1 0
processing_core/pkg/antifraud/antifraud.pb.go:65.65,67.2 1 0
processing_core/pkg/antifraud/antifraud.pb.go:69.53,71.2 1 0
processing_core/pkg/antifraud/antifraud.pb.go:73.59,75.2 1 0
processing_core/pkg/antifraud/antifraud.pb.go:78.57,80.2 1 0
processing_core/pkg/antifraud/antifraud.pb.go:110.31,115.2 4 0
processing_core/pkg/antifraud/antifraud.pb.go:117.39,119.2 1 0
processing_core/pkg/antifraud/antifraud.pb.go:121.37,121.38 0 0
processing_core/pkg/antifraud/antifraud.pb.go:123.59,125.14 2 0
processing_core/pkg/antifraud/antifraud.pb.go:125.14,127.34 2 0
processing_core/pkg/antifraud/antifraud.pb.go:127.34,129.4 1 0
processing_core/pkg/antifraud/antifraud.pb.go:130.3,130.12 1 0
processing_core/pkg/antifraud/antifraud.pb.go:132.2,132.24 1 0
processing_core/pkg/antifraud/antifraud.pb.go:136.50,138.2 1 0
processing_core/pkg/antifraud/antifraud.pb.go:140.38,141.14 1 0
processing_core/pkg/antifraud/antifraud.pb.go:141.14,143.3 1 0
processing_core/pkg/antifraud/antifraud.pb.go:144.2,144.10 1 0
processing_core/pkg/antifraud/antifraud.pb.go:147.49,148.14 1 0
processing_core/pkg/antifraud/antifraud.pb.go:148.14,150.3 1 0
processing_core/pkg/antifraud/antifraud.pb.go:151.2,151.11 1 0
processing_core/pkg/antifraud/antifraud.pb.go:154.61,155.14 1 0
processing_core/pkg/antifraud/antifraud.pb.go:155.14,157.3 1 0
processing_core/pkg/antifraud/antifraud.pb.go:158.2,158.12 1 0
processing_core/pkg/antifraud/antifraud.pb.go:161.41,162.14 1 0
processing_core/pkg/antifraud/antifraud.pb.go:162.14,164.3 1 0
processing_core/pkg/antifraud/antifraud.pb.go:165.2,165.10 1 0
processing_core/pkg/antifraud/antifraud.pb.go:168.44,169.14 1 0
processing_core/pkg/antifraud/antifraud.pb.go:169.14,171.3 1 0
processing_core/pkg/antifraud/antifraud.pb.go:172.2,172.11 1 0
processing_core/pkg/antifraud/antifraud.pb.go:175.44,176.14 1 0
processing_core/pkg/antifraud/antifraud.pb.go:176.14,178.3 1 0
processing_core/pkg/antifraud/antifraud.pb.go:179.2,179.11 1 0
processing_core/pkg/antifraud/antifraud.pb.go:182.43,183.14 1 0
processing_core/pkg/antifraud/antifraud.pb.go:183.14,185.3 1 0
processing_core/pkg/antifraud/antifraud.pb.go:186.2,186.11 1 0
processing_core/pkg/antifraud/antifraud.pb.go:189.44,190.14 1 0
processing_core/pkg/antifraud/antifraud.pb.go:190.14,192.3 1 0
processing_core/pkg/antifraud/antifraud.pb.go:193.2,193.11 1 0
processing_core/pkg/antifraud/antifraud.pb.go:196.46,197.37 1 0
processing_core/pkg/antifraud/antifraud.pb.go:197.37,199.3 1 0
processing_core/pkg/antifraud/antifraud.pb.go:200.2,200.11 1 0
processing_core/pkg/antifraud/antifraud.pb.go:203.39,204.30 1 0
processing_core/pkg/antifraud/antifraud.pb.go:204.30,206.3 1 0
processing_core/pkg/antifraud/antifraud.pb.go:207.2,207.11 1 0
processing_core/pkg/antifraud/antifraud.pb.go:210.41,211.32 1 0
processing_core/pkg/antifraud/antifraud.pb.go:211.32,213.3 1 0
processing_core/pkg/antifraud/antifraud.pb.go:214.2,214.11 1 0
processing_core/pkg/antifraud/antifraud.pb.go:224.31,229.2 4 0
processing_core/pkg/antifraud/antifraud.pb.go:231.39,233.2 1 0
processing_core/pkg/antifraud/antifraud.pb.go:235.37,235.38 0 0
processing_core/pkg/antifraud/antifraud.pb.go:237.59,239.14 2 0
processing_core/pkg/antifraud/antifraud.pb.go:239.14,241.34 2 0
processing_core/pkg/antifraud/antifraud.pb.go:241.34,243.4 1 0
processing_core/pkg/antifraud/antifraud.pb.go:244.3,244.12 1 0
processing_core/pkg/antifraud/antifraud.pb.go:246.2,246.24 1 0
processing_core/pkg/antifraud/antifraud.pb.go:250.50,252.2 1 0
processing_core/pkg/antifraud/antifraud.pb.go:254.54,255.14 1 0
processing_core/pkg/antifraud/antifraud.pb.go:255.14,257.3 1 0
processing_core/pkg/antifraud/antifraud.pb.go:258.2,258.32 1 0
processing_core/pkg/antifraud/antifraud.pb.go:304.48,305.45 1 0
processing_core/pkg/antifraud/antifraud.pb.go:305.45,307.3 1 0
processing_core/pkg/antifraud/antifraud.pb.go:308.2,308.41 1 0
processing_core/pkg/antifraud/antifraud.pb.go:335.13,335.44 1 0
processing_core/pkg/antifraud/antifraud.pb.go:336.34,337.33 1 0
processing_core/pkg/antifraud/antifraud.pb.go:337.33,339.3 1 0
processing_core/pkg/antifraud/antifraud.pb.go:340.2,358.36 6 0
processing_core/pkg/antifraud/antifraud_grpc.pb.go:40.74,42.2 1 0
processing_core/pkg/antifraud/antifraud_grpc.pb.go:44.123,48.16 4 0
processing_core/pkg/antifraud/antifraud_grpc.pb.go:48.16,50.3 1 0
processing_core/pkg/antifraud/antifraud_grpc.pb.go:51.2,51.17 1 0
processing_core/pkg/antifraud/antifraud_grpc.pb.go:54.126,58.16 4 0
processing_core/pkg/antifraud/antifraud_grpc.pb.go:58.16,60.3 1 0
processing_core/pkg/antifraud/antifraud_grpc.pb.go:61.2,61.17 1 0
processing_core/pkg/antifraud/antifraud_grpc.pb.go:64.122,68.16 4 0
processing_core/pkg/antifraud/antifraud_grpc.pb.go:68.16,70.3 1 0
processing_core/pkg/antifraud/antifraud_grpc.pb.go:71.2,71.17 1 0
processing_core/pkg/antifraud/antifraud_grpc.pb.go:91.101,93.2 1 0
processing_core/pkg/antifraud/antifraud_grpc.pb.go:94.104,96.2 1 0
processing_core/pkg/antifraud/antifraud_grpc.pb.go:97.100,99.2 1 0
processing_core/pkg/antifraud/antifraud_grpc.pb.go:100.82,100.83 0 0
processing_core/pkg/antifraud/antifraud_grpc.pb.go:101.82,101.83 0 0
processing_core/pkg/antifraud/antifraud_grpc.pb.go:110.80,115.59 1 0
processing_core/pkg/antifraud/antifraud_grpc.pb.go:115.59,117.3 1 0
processing_core/pkg/antifraud/antifraud_grpc.pb.go:118.2,118.50 1 0
processing_core/pkg/antifraud/antifraud_grpc.pb.go:121.165,123.32 2 0
processing_core/pkg/antifraud/antifraud_grpc.pb.go:123.32,125.3 1 0
processing_core/pkg/antifraud/antifraud_grpc.pb.go:126.2,126.24 1 0
processing_core/pkg/antifraud/antifraud_grpc.pb.go:126.24,128.3 1 0
processing_core/pkg/antifraud/antifraud_grpc.pb.go:129.2,133.77 2 0
processing_core/pkg/antifraud/antifraud_grpc.pb.go:133.77,135.3 1 0
processing_core/pkg/antifraud/antifraud_grpc.pb.go:136.2,136.44 1 0
processing_core/pkg/antifraud/antifraud_grpc.pb.go:139.168,141.32 2 0
processing_core/pkg/antifraud/antifraud_grpc.pb.go:141.32,143.3 1 0
processing_core/pkg/antifraud/antifraud_grpc.pb.go:144.2,144.24 1 0
processing_core/pkg/antifraud/antifraud_grpc.pb.go:144.24,146.3 1 0
processing_core/pkg/antifraud/antifraud_grpc.pb.go:147.2,151.77 2 0
processing_core/pkg/antifraud/antifraud_grpc.pb.go:151.77,153.3 1 0
processing_core/pkg/antifraud/antifraud_grpc.pb.go:154.2,154.44 1 0
processing_core/pkg/antifraud/antifraud_grpc.pb.go:157.164,159.32 2 0
processing_core/pkg/antifraud/antifraud_grpc.pb.go:159.32,161.3 1 0
processing_core/pkg/antifraud/antifraud_grpc.pb.go:162.2,162.24 1 0
processing_core/pkg/antifraud/antifraud_grpc.pb.go:162.24,164.3 1 0
processing_core/pkg/antifraud/antifraud_grpc.pb.go:165.2,169.77 2 0
processing_core/pkg/antifraud/antifraud_grpc.pb.go:169.77,171.3 1 0
processing_core/pkg/antifraud/antifraud_grpc.pb.go:172.2,172.44 1 0
processing_core/pkg/core/core.pb.go:55.50,59.2 3 0
processing_core/pkg/core/core.pb.go:61.42,63.2 1 0
processing_core/pkg/core/core.pb.go:65.65,67.2 1 0
processing_core/pkg/core/core.pb.go:69.53,71.2 1 0
processing_core/pkg/core/core.pb.go:73.59,75.2 1 0
processing_core/pkg/core/core.pb.go:78.57,80.2 1 0
processing_core/pkg/core/core.pb.go:104.31,109.2 4 0
processing_core/pkg/core/core.pb.go:111.39,113.2 1 0
processing_core/pkg/core/core.pb.go:115.37,115.38 0 0
processing_core/pkg/core/core.pb.go:117.59,119.14 2 0
processing_core/pkg/core/core.pb.go:119.14,121.34 2 0
processing_core/pkg/core/core.pb.go:121.34,123.4 1 0
processing_core/pkg/core/core.pb.go:124.3,124.12 1 0
processing_core/pkg/core/core.pb.go:126.2,126.24 1 0
processing_core/pkg/core/core.pb.go:130.50,132.2 1 0
processing_core/pkg/core/core.pb.go:134.38,135.14 1 0
processing_core/pkg/core/core.pb.go:135.14,137.3 1 0
processing_core/pkg/core/core.pb.go:138.2,138.10 1 0
processing_core/pkg/core/core.pb.go:141.49,142.14 1 0
processing_core/pkg/core/core.pb.go:142.14,144.3 1 0
processing_core/pkg/core/core.pb.go:145.2,145.11 1 0
processing_core/pkg/core/core.pb.go:148.61,149.14 1 0
processing_core/pkg/core/core.pb.go:149.14,151.3 1 0
processing_core/pkg/core/core.pb.go:152.2,152.12 1 0
processing_core/pkg/core/core.pb.go:155.41,156.14 1 0
processing_core/pkg/core/core.pb.go:156.14,158.3 1 0
processing_core/pkg/core/core.pb.go:159.2,159.10 1 0
processing_core/pkg/core/core.pb.go:162.43,163.14 1 0
processing_core/pkg/core/core.pb.go:163.14,165.3 1 0
processing_core/pkg/core/core.pb.go:166.2,166.10 1 0
processing_core/pkg/core/core.pb.go:169.44,170.14 1 0
processing_core/pkg/core/core.pb.go:170.14,172.3 1 0
processing_core/pkg/core/core.pb.go:173.2,173.11 1 0
processing_core/pkg/core/core.pb.go:176.43,177.14 1 0
processing_core/pkg/core/core.pb.go:177.14,179.3 1 0
processing_core/pkg/core/core.pb.go:180.2,180.11 1 0
processing_core/pkg/core/core.pb.go:183.44,184.14 1 0
processing_core/pkg/core/core.pb.go:184.14,186.3 1 0
processing_core/pkg/core/core.pb.go:187.2,187.11 1 0
processing_core/pkg/core/core.pb.go:202.35,207.2 4 0
processing_core/pkg/core/core.pb.go:209.43,211.2 1 0
processing_core/pkg/core/core.pb.go:213.41,213.42 0 0
processing_core/pkg/core/core.pb.go:215.63,217.14 2 0
processing_core/pkg/core/core.pb.go:217.14,219.34 2 0
processing_core/pkg/core/core.pb.go:219.34,221.4 1 0
processing_core/pkg/core/core.pb.go:222.3,222.12 1 0
processing_core/pkg/core/core.pb.go:224.2,224.24 1 0
processing_core/pkg/core/core.pb.go:228.54,230.2 1 0
processing_core/pkg/core/core.pb.go:232.42,233.14 1 0
processing_core/pkg/core/core.pb.go:233.14,235.3 1 0
processing_core/pkg/core/core.pb.go:236.2,236.11 1 0
processing_core/pkg/core/core.pb.go:239.57,240.14 1 0
processing_core/pkg/core/core.pb.go:240.14,242.3 1 0
processing_core/pkg/core/core.pb.go:243.2,243.12 1 0
processing_core/pkg/core/core.pb.go:246.50,247.14 1 0
processing_core/pkg/core/core.pb.go:247.14,249.3 1 0
processing_core/pkg/core/core.pb.go:250.2,250.11 1 0
processing_core/pkg/core/core.pb.go:260.36,265.2 4 0
processing_core/pkg/core/core.pb.go:267.44,269.2 1 0
processing_core/pkg/core/core.pb.go:271.42,271.43 0 0
processing_core/pkg/core/core.pb.go:273.64,275.14 2 0
processing_core/pkg/core/core.pb.go:275.14,277.34 2 0
processing_core/pkg/core/core.pb.go:277.34,279.4 1 0
processing_core/pkg/core/core.pb.go:280.3,280.12 1 0
processing_core/pkg/core/core.pb.go:282.2,282.24 1 0
processing_core/pkg/core/core.pb.go:286.55,288.2 1 0
processing_core/pkg/core/core.pb.go:290.59,291.14 1 0
processing_core/pkg/core/core.pb.go:291.14,293.3 1 0
processing_core/pkg/core/core.pb.go:294.2,294.32 1 0
processing_core/pkg/core/core.pb.go:311.38,316.2 4 0
processing_core/pkg/core/core.pb.go:318.46,320.2 1 0
processing_core/pkg/core/core.pb.go:322.44,322.45 0 0
processing_core/pkg/core/core.pb.go:324.66,326.14 2 0
processing_core/pkg/core/core.pb.go:326.14,328.34 2 0
processing_core/pkg/core/core.pb.go:328.34,330.4 1 0
processing_core/pkg/core/core.pb.go:331.3,331.12 1 0
processing_core/pkg/core/core.pb.go:333.2,333.24 1 0
processing_core/pkg/core/core.pb.go:337.57,339.2 1 0
processing_core/pkg/core/core.pb.go:341.45,342.14 1 0
processing_core/pkg/core/core.pb.go:342.14,344.3 1 0
processing_core/pkg/core/core.pb.go:345.2,345.11 1 0
processing_core/pkg/core/core.pb.go:348.60,349.14 1 0
processing_core/pkg/core/core.pb.go:349.14,351.3 1 0
processing_core/pkg/core/core.pb.go:352.2,352.12 1 0
processing_core/pkg/core/core.pb.go:355.53,356.14 1 0
processing_core/pkg/core/core.pb.go:356.14,358.3 1 0
processing_core/pkg/core/core.pb.go:359.2,359.11 1 0
processing_core/pkg/core/core.pb.go:362.46,363.14 1 0
processing_core/pkg/core/core.pb.go:363.14,365.3 1 0
processing_core/pkg/core/core.pb.go:366.2,366.11 1 0
processing_core/pkg/core/core.pb.go:376.39,381.2 4 0
processing_core/pkg/core/core.pb.go:383.47,385.2 1 0
processing_core/pkg/core/core.pb.go:387.45,387.46 0 0
processing_core/pkg/core/core.pb.go:389.67,391.14 2 0
processing_core/pkg/core/core.pb.go:391.14,393.34 2 0
processing_core/pkg/core/core.pb.go:393.34,395.4 1 0
processing_core/pkg/core/core.pb.go:396.3,396.12 1 0
processing_core/pkg/core/core.pb.go:398.2,398.24 1 0
processing_core/pkg/core/core.pb.go:402.58,404.2 1 0
processing_core/pkg/core/core.pb.go:406.62,407.14 1 0
processing_core/pkg/core/core.pb.go:407.14,409.3 1 0
processing_core/pkg/core/core.pb.go:410.2,410.32 1 0
processing_core/pkg/core/core.pb.go:425.33,430.2 4 0
processing_core/pkg/core/core.pb.go:432.41,434.2 1 0
processing_core/pkg/core/core.pb.go:436.39,436.40 0 0
processing_core/pkg/core/core.pb.go:438.61,440.14 2 0
processing_core/pkg/core/core.pb.go:440.14,442.34 2 0
processing_core/pkg/core/core.pb.go:442.34,444.4 1 0
processing_core/pkg/core/core.pb.go:445.3,445.12 1 0
processing_core/pkg/core/core.pb.go:447.2,447.24 1 0
processing_core/pkg/core/core.pb.go:451.52,453.2 1 0
processing_core/pkg/core/core.pb.go:455.40,456.14 1 0
processing_core/pkg/core/core.pb.go:456.14,458.3 1 0
processing_core/pkg/core/core.pb.go:459.2,459.11 1 0
processing_core/pkg/core/core.pb.go:462.55,463.14 1 0
processing_core/pkg/core/core.pb.go:463.14,465.3 1 0
processing_core/pkg/core/core.pb.go:466.2,466.12 1 0
processing_core/pkg/core/core.pb.go:469.43,470.14 1 0
processing_core/pkg/core/core.pb.go:470.14,472.3 1 0
processing_core/pkg/core/core.pb.go:473.2,473.11 1 0
processing_core/pkg/core/core.pb.go:483.34,488.2 4 0
processing_core/pkg/core/core.pb.go:490.42,492.2 1 0
processing_core/pkg/core/core.pb.go:494.40,494.41 0 0
processing_core/pkg/core/core.pb.go:496.62,498.14 2 0
processing_core/pkg/core/core.pb.go:498.14,500.34 2 0
processing_core/pkg/core/core.pb.go:500.34,502.4 1 0
processing_core/pkg/core/core.pb.go:503.3,503.12 1 0
processing_core/pkg/core/core.pb.go:505.2,505.24 1 0
processing_core/pkg/core/core.pb.go:509.53,511.2 1 0
processing_core/pkg/core/core.pb.go:513.57,514.14 1 0
processing_core/pkg/core/core.pb.go:514.14,516.3 1 0
processing_core/pkg/core/core.pb.go:517.2,517.32 1 0
processing_core/pkg/core/core.pb.go:532.34,537.2 4 0
processing_core/pkg/core/core.pb.go:539.42,541.2 1 0
processing_core/pkg/core/core.pb.go:543.40,543.41 0 0
processing_core/pkg/core/core.pb.go:545.62,547.14 2 0
processing_core/pkg/core/core.pb.go:547.14,549.34 2 0
processing_core/pkg/core/core.pb.go:549.34,551.4 1 0
processing_core/pkg/core/core.pb.go:552.3,552.12 1 0
processing_core/pkg/core/core.pb.go:554.2,554.24 1 0
processing_core/pkg/core/core.pb.go:558.53,560.2 1 0
processing_core/pkg/core/core.pb.go:562.41,563.14 1 0
processing_core/pkg/core/core.pb.go:563.14,565.3 1 0
processing_core/pkg/core/core.pb.go:566.2,566.11 1 0
processing_core/pkg/core/core.pb.go:569.56,570.14 1 0
processing_core/pkg/core/core.pb.go:570.14,572.3 1 0
processing_core/pkg/core/core.pb.go:573.2,573.12 1 0
processing_core/pkg/core/core.pb.go:576.44,577.14 1 0
processing_core/pkg/core/core.pb.go:577.14,579.3 1 0
processing_core/pkg/core/core.pb.go:580.2,580.11 1 0
processing_core/pkg/core/core.pb.go:590.35,595.2 4 0
processing_core/pkg/core/core.pb.go:597.43,599.2 1 0
processing_core/pkg/core/core.pb.go:601.41,601.42 0 0
processing_core/pkg/core/core.pb.go:603.63,605.14 2 0
processing_core/pkg/core/core.pb.go:605.14,607.34 2 0
processing_core/pkg/core/core.pb.go:607.34,609.4 1 0
processing_core/pkg/core/core.pb.go:610.3,610.12 1 0
processing_core/pkg/core/core.pb.go:612.2,612.24 1 0
processing_core/pkg/core/core.pb.go:616.54,618.2 1 0
processing_core/pkg/core/core.pb.go:620.58,621.14 1 0
processing_core/pkg/core/core.pb.go:621.14,623.3 1 0
processing_core/pkg/core/core.pb.go:624.2,624.32 1 0
processing_core/pkg/core/core.pb.go:692.43,693.40 1 0
processing_core/pkg/core/core.pb.go:693.40,695.3 1 0
processing_core/pkg/core/core.pb.go:696.2,696.36 1 0
processing_core/pkg/core/core.pb.go:739.13,739.39 1 0
processing_core/pkg/core/core.pb.go:740.29,741.28 1 0
processing_core/pkg/core/core.pb.go:741.28,743.3 1 0
processing_core/pkg/core/core.pb.go:744.2,761.31 5 0
processing_core/pkg/core/core_grpc.pb.go:42.60,44.2 1 0
processing_core/pkg/core/core_grpc.pb.go:46.125,50.16 4 0
processing_core/pkg/core/core_grpc.pb.go:50.16,52.3 1 0
processing_core/pkg/core/core_grpc.pb.go:53.2,53.17 1 0
processing_core/pkg/core/core_grpc.pb.go:56.134,60.16 4 0
processing_core/pkg/core/core_grpc.pb.go:60.16,62.3 1 0
processing_core/pkg/core/core_grpc.pb.go:63.2,63.17 1 0
processing_core/pkg/core/core_grpc.pb.go:66.119,70.16 4 0
processing_core/pkg/core/core_grpc.pb.go:70.16,72.3 1 0
processing_core/pkg/core/core_grpc.pb.go:73.2,73.17 1 0
processing_core/pkg/core/core_grpc.pb.go:76.122,80.16 4 0
processing_core/pkg/core/core_grpc.pb.go:80.16,82.3 1 0
processing_core/pkg/core/core_grpc.pb.go:83.2,83.17 1 0
processing_core/pkg/core/core_grpc.pb.go:104.103,106.2 1 0
processing_core/pkg/core/core_grpc.pb.go:107.112,109.2 1 0
processing_core/pkg/core/core_grpc.pb.go:110.97,112.2 1 0
processing_core/pkg/core/core_grpc.pb.go:113.100,115.2 1 0
processing_core/pkg/core/core_grpc.pb.go:116.68,116.69 0 0
processing_core/pkg/core/core_grpc.pb.go:117.68,117.69 0 0
processing_core/pkg/core/core_grpc.pb.go:126.66,131.59 1 0
processing_core/pkg/core/core_grpc.pb.go:131.59,133.3 1 0
processing_core/pkg/core/core_grpc.pb.go:134.2,134.43 1 0
processing_core/pkg/core/core_grpc.pb.go:137.158,139.32 2 0
processing_core/pkg/core/core_grpc.pb.go:139.32,141.3 1 0
processing_core/pkg/core/core_grpc.pb.go:142.2,142.24 1 0
processing_core/pkg/core/core_grpc.pb.go:142.24,144.3 1 0
processing_core/pkg/core/core_grpc.pb.go:145.2,149.77 2 0
processing_core/pkg/core/core_grpc.pb.go:149.77,151.3 1 0
processing_core/pkg/core/core_grpc.pb.go:152.2,152.44 1 0
processing_core/pkg/core/core_grpc.pb.go:155.161,157.32 2 0
processing_core/pkg/core/core_grpc.pb.go:157.32,159.3 1 0
processing_core/pkg/core/core_grpc.pb.go:160.2,160.24 1 0
processing_core/pkg/core/core_grpc.pb.go:160.24,162.3 1 0
processing_core/pkg/core/core_grpc.pb.go:163.2,167.77 2 0
processing_core/pkg/core/core_grpc.pb.go:167.77,169.3 1 0
processing_core/pkg/core/core_grpc.pb.go:170.2,170.44 1 0
processing_core/pkg/core/core_grpc.pb.go:173.156,175.32 2 0
processing_core/pkg/core/core_grpc.pb.go:175.32,177.3 1 0
processing_core/pkg/core/core_grpc.pb.go:178.2,178.24 1 0
processing_core/pkg/core/core_grpc.pb.go:178.24,180.3 1 0
processing_core/pkg/core/core_grpc.pb.go:181.2,185.77 2 0
processing_core/pkg/core/core_grpc.pb.go:185.77,187.3 1 0
processing_core/pkg/core/core_grpc.pb.go:188.2,188.44 1 0
processing_core/pkg/core/core_grpc.pb.go:191.157,193.32 2 0
processing_core/pkg/core/core_grpc.pb.go:193.32,195.3 1 0
processing_core/pkg/core/core_grpc.pb.go:196.2,196.24 1 0
processing_core/pkg/core/core_grpc.pb.go:196.24,198.3 1 0
processing_core/pkg/core/core_grpc.pb.go:199.2,203.77 2 0
processing_core/pkg/core/core_grpc.pb.go:203.77,205.3 1 0
processing_core/pkg/core/core_grpc.pb.go:206.2,206.44 1 0
processing_core/pkg/kafka_core/kafka.pb.go:58.50,62.2 3 0
processing_core/pkg/kafka_core/kafka.pb.go:64.42,66.2 1 0
processing_core/pkg/kafka_core/kafka.pb.go:68.65,70.2 1 0
processing_core/pkg/kafka_core/kafka.pb.go:72.53,74.2 1 0
processing_core/pkg/kafka_core/kafka.pb.go:76.59,78.2 1 0
processing_core/pkg/kafka_core/kafka.pb.go:81.57,83.2 1 0
processing_core/pkg/kafka_core/kafka.pb.go:117.35,122.2 4 0
processing_core/pkg/kafka_core/kafka.pb.go:124.43,126.2 1 0
processing_core/pkg/kafka_core/kafka.pb.go:128.41,128.42 0 0
processing_core/pkg/kafka_core/kafka.pb.go:130.63,132.14 2 0
processing_core/pkg/kafka_core/kafka.pb.go:132.14,134.34 2 0
processing_core/pkg/kafka_core/kafka.pb.go:134.34,136.4 1 0
processing_core/pkg/kafka_core/kafka.pb.go:137.3,137.12 1 0
processing_core/pkg/kafka_core/kafka.pb.go:139.2,139.24 1 0
processing_core/pkg/kafka_core/kafka.pb.go:143.54,145.2 1 0
processing_core/pkg/kafka_core/kafka.pb.go:147.42,148.14 1 0
processing_core/pkg/kafka_core/kafka.pb.go:148.14,150.3 1 0
processing_core/pkg/kafka_core/kafka.pb.go:151.2,151.10 1 0
processing_core/pkg/kafka_core/kafka.pb.go:154.53,155.14 1 0
processing_core/pkg/kafka_core/kafka.pb.go:155.14,157.3 1 0
processing_core/pkg/kafka_core/kafka.pb.go:158.2,158.11 1 0
processing_core/pkg/kafka_core/kafka.pb.go:161.65,162.14 1 0
processing_core/pkg/kafka_core/kafka.pb.go:162.14,164.3 1 0
processing_core/pkg/kafka_core/kafka.pb.go:165.2,165.12 1 0
processing_core/pkg/kafka_core/kafka.pb.go:168.45,169.14 1 0
processing_core/pkg/kafka_core/kafka.pb.go:169.14,171.3 1 0
processing_core/pkg/kafka_core/kafka.pb.go:172.2,172.10 1 0
processing_core/pkg/kafka_core/kafka.pb.go:175.48,176.14 1 0
processing_core/pkg/kafka_core/kafka.pb.go:176.14,178.3 1 0
processing_core/pkg/kafka_core/kafka.pb.go:179.2,179.11 1 0
processing_core/pkg/kafka_core/kafka.pb.go:182.48,183.14 1 0
processing_core/pkg/kafka_core/kafka.pb.go:183.14,185.3 1 0
processing_core/pkg/kafka_core/kafka.pb.go:186.2,186.11 1 0
processing_core/pkg/kafka_core/kafka.pb.go:189.47,190.14 1 0
processing_core/pkg/kafka_core/kafka.pb.go:190.14,192.3 1 0
processing_core/pkg/kafka_core/kafka.pb.go:193.2,193.11 1 0
processing_core/pkg/kafka_core/kafka.pb.go:196.48,197.14 1 0
processing_core/pkg/kafka_core/kafka.pb.go:197.14,199.3 1 0
processing_core/pkg/kafka_core/kafka.pb.go:200.2,200.11 1 0
processing_core/pkg/kafka_core/kafka.pb.go:203.50,204.37 1 0
processing_core/pkg/kafka_core/kafka.pb.go:204.37,206.3 1 0
processing_core/pkg/kafka_core/kafka.pb.go:207.2,207.11 1 0
processing_core/pkg/kafka_core/kafka.pb.go:210.51,211.38 1 0
processing_core/pkg/kafka_core/kafka.pb.go:211.38,213.3 1 0
processing_core/pkg/kafka_core/kafka.pb.go:214.2,214.11 1 0
processing_core/pkg/kafka_core/kafka.pb.go:217.45,218.32 1 0
processing_core/pkg/kafka_core/kafka.pb.go:218.32,220.3 1 0
processing_core/pkg/kafka_core/kafka.pb.go:221.2,221.11 1 0
processing_core/pkg/kafka_core/kafka.pb.go:224.64,225.14 1 0
processing_core/pkg/kafka_core/kafka.pb.go:225.14,227.3 1 0
processing_core/pkg/kafka_core/kafka.pb.go:228.2,228.32 1 0
processing_core/pkg/kafka_core/kafka.pb.go:231.47,232.14 1 0
processing_core/pkg/kafka_core/kafka.pb.go:232.14,234.3 1 0
processing_core/pkg/kafka_core/kafka.pb.go:235.2,235.10 1 0
processing_core/pkg/kafka_core/kafka.pb.go:276.44,277.41 1 0
processing_core/pkg/kafka_core/kafka.pb.go:277.41,279.3 1 0
processing_core/pkg/kafka_core/kafka.pb.go:280.2,280.37 1 0
processing_core/pkg/kafka_core/kafka.pb.go:300.13,300.40 1 0
processing_core/pkg/kafka_core/kafka.pb.go:301.30,302.29 1 0
processing_core/pkg/kafka_core/kafka.pb.go:302.29,304.3 1 0
processing_core/pkg/kafka_core/kafka.pb.go:305.2,323.32 6 0
processing_core/internal/helpers/af_integration.go:25.70,29.2 1 12
processing_core/internal/helpers/af_integration.go:31.105,36.16 3 4
processing_core/internal/helpers/af_integration.go:36.16,39.3 1 2
processing_core/internal/helpers/af_integration.go:40.2,40.57 1 2
processing_core/internal/helpers/af_integration.go:40.57,42.3 1 1
processing_core/internal/helpers/af_integration.go:43.2,43.12 1 1
processing_core/internal/helpers/af_integration.go:46.98,60.2 1 4
processing_core/internal/helpers/af_integration.go:62.107,66.16 4 4
processing_core/internal/helpers/af_integration.go:66.16,69.3 1 2
processing_core/internal/helpers/af_integration.go:70.2,70.57 1 2
processing_core/internal/helpers/af_integration.go:70.57,72.3 1 1
processing_core/internal/helpers/af_integration.go:73.2,73.12 1 1
processing_core/internal/helpers/af_integration.go:76.100,90.2 1 4
processing_core/internal/helpers/af_integration.go:92.113,96.16 4 4
processing_core/internal/helpers/af_integration.go:96.16,99.3 1 2
processing_core/internal/helpers/af_integration.go:100.2,100.57 1 2
processing_core/internal/helpers/af_integration.go:100.57,102.3 1 1
processing_core/internal/helpers/af_integration.go:103.2,103.12 1 1
processing_core/internal/helpers/af_integration.go:106.106,120.2 1 4
processing_core/internal/helpers/atm_integration.go:12.42,14.2 1 0
processing_core/internal/helpers/atm_integration.go:16.96,18.2 1 0
processing_core/internal/helpers/sbp_integration.go:12.42,14.2 1 0
processing_core/internal/helpers/sbp_integration.go:16.100,18.2 1 0
processing_core/internal/app/cash_in.go:15.102,16.51 1 3
processing_core/internal/app/cash_in.go:16.51,18.3 1 1
processing_core/internal/app/cash_in.go:19.2,21.16 3 2
processing_core/internal/app/cash_in.go:21.16,23.3 1 1
processing_core/internal/app/cash_in.go:24.2,24.18 1 1
processing_core/internal/app/cash_in.go:27.59,29.27 2 3
processing_core/internal/app/cash_in.go:29.27,31.3 1 0
processing_core/internal/app/cash_in.go:32.2,35.3 1 3
processing_core/internal/app/cash_out.go:15.105,16.52 1 3
processing_core/internal/app/cash_out.go:16.52,18.3 1 1
processing_core/internal/app/cash_out.go:19.2,21.16 3 2
processing_core/internal/app/cash_out.go:21.16,23.3 1 1
processing_core/internal/app/cash_out.go:24.2,24.18 1 1
processing_core/internal/app/cash_out.go:27.61,29.27 2 3
processing_core/internal/app/cash_out.go:29.27,31.3 1 0
processing_core/internal/app/cash_out.go:32.2,35.3 1 3
processing_core/internal/app/internal.go:15.108,16.53 1 3
processing_core/internal/app/internal.go:16.53,18.3 1 1
processing_core/internal/app/internal.go:19.2,21.16 3 2
processing_core/internal/app/internal.go:21.16,23.3 1 1
processing_core/internal/app/internal.go:24.2,24.18 1 1
processing_core/internal/app/internal.go:27.63,29.27 2 3
processing_core/internal/app/internal.go:29.27,31.3 1 0
processing_core/internal/app/internal.go:32.2,35.3 1 3
processing_core/internal/app/sbp_outgoing.go:15.117,16.56 1 4
processing_core/internal/app/sbp_outgoing.go:16.56,18.3 1 2
processing_core/internal/app/sbp_outgoing.go:19.2,21.16 3 2
processing_core/internal/app/sbp_outgoing.go:21.16,23.3 1 1
processing_core/internal/app/sbp_outgoing.go:24.2,24.18 1 1
processing_core/internal/app/sbp_outgoing.go:27.69,29.27 2 4
processing_core/internal/app/sbp_outgoing.go:29.27,31.3 1 1
processing_core/internal/app/sbp_outgoing.go:32.2,36.3 1 3
processing_core/internal/app/service.go:43.12,50.2 1 0
processing_core/internal/app/service.go:52.63,63.2 1 13
processing_core/internal/producer/producer.go:11.72,16.2 1 0
processing_core/internal/producer/producer.go:26.20,30.29 2 1
processing_core/internal/producer/producer.go:30.29,40.17 2 2
processing_core/internal/producer/producer.go:40.17,42.4 1 0
processing_core/internal/producer/producer.go:45.2,46.30 2 1
processing_core/internal/producer/producer.go:46.30,47.10 1 2
processing_core/internal/producer/producer.go:48.28,50.37 2 2
processing_core/internal/producer/producer.go:50.37,52.5 1 0
processing_core/internal/producer/producer.go:53.4,53.15 1 2
processing_core/internal/producer/producer.go:54.21,55.25 1 0
processing_core/internal/producer/producer.go:59.2,62.27 3 1
processing_core/internal/producer/producer.go:62.27,64.3 1 2
processing_core/internal/producer/producer.go:66.2,66.17 1 1
processing_core/internal/usecases/cash_in_usecase.go:35.90,40.2 1 7
processing_core/internal/usecases/cash_in_usecase.go:42.126,43.63 1 7
processing_core/internal/usecases/cash_in_usecase.go:43.63,46.19 3 7
processing_core/internal/usecases/cash_in_usecase.go:46.19,48.4 1 1
processing_core/internal/usecases/cash_in_usecase.go:50.3,51.19 2 6
processing_core/internal/usecases/cash_in_usecase.go:51.19,52.40 1 1
processing_core/internal/usecases/cash_in_usecase.go:52.40,54.5 1 1
processing_core/internal/usecases/cash_in_usecase.go:57.3,58.19 2 5
processing_core/internal/usecases/cash_in_usecase.go:58.19,60.4 1 1
processing_core/internal/usecases/cash_in_usecase.go:62.3,67.19 2 4
processing_core/internal/usecases/cash_in_usecase.go:67.19,69.4 1 1
processing_core/internal/usecases/cash_in_usecase.go:70.3,70.13 1 3
processing_core/internal/usecases/cash_in_usecase.go:72.2,72.16 1 7
processing_core/internal/usecases/cash_in_usecase.go:72.16,76.3 1 4
processing_core/internal/usecases/cash_in_usecase.go:78.2,80.8 1 3
processing_core/internal/usecases/cash_out_usecase.go:50.19,57.2 1 0
processing_core/internal/usecases/cash_out_usecase.go:59.129,65.99 4 7
processing_core/internal/usecases/cash_out_usecase.go:65.99,69.3 1 1
processing_core/internal/usecases/cash_out_usecase.go:71.2,71.62 1 6
processing_core/internal/usecases/cash_out_usecase.go:71.62,76.19 4 6
processing_core/internal/usecases/cash_out_usecase.go:76.19,78.4 1 1
processing_core/internal/usecases/cash_out_usecase.go:80.3,81.19 2 5
processing_core/internal/usecases/cash_out_usecase.go:81.19,83.4 1 1
processing_core/internal/usecases/cash_out_usecase.go:84.3,84.29 1 4
processing_core/internal/usecases/cash_out_usecase.go:84.29,86.4 1 1
processing_core/internal/usecases/cash_out_usecase.go:87.3,88.19 2 3
processing_core/internal/usecases/cash_out_usecase.go:88.19,90.4 1 1
processing_core/internal/usecases/cash_out_usecase.go:92.3,97.19 2 2
processing_core/internal/usecases/cash_out_usecase.go:97.19,99.4 1 1
processing_core/internal/usecases/cash_out_usecase.go:100.3,100.13 1 1
processing_core/internal/usecases/cash_out_usecase.go:102.2,102.16 1 6
processing_core/internal/usecases/cash_out_usecase.go:102.16,106.3 1 5
processing_core/internal/usecases/cash_out_usecase.go:108.2,112.8 2 1
processing_core/internal/usecases/internal_usecase.go:43.20,49.2 1 0
processing_core/internal/usecases/internal_usecase.go:51.132,57.99 4 10
processing_core/internal/usecases/internal_usecase.go:57.99,61.3 1 1
processing_core/internal/usecases/internal_usecase.go:63.2,63.62 1 9
processing_core/internal/usecases/internal_usecase.go:63.62,69.19 5 9
processing_core/internal/usecases/internal_usecase.go:69.19,71.4 1 1
processing_core/internal/usecases/internal_usecase.go:73.3,74.19 2 8
processing_core/internal/usecases/internal_usecase.go:74.19,76.4 1 1
processing_core/internal/usecases/internal_usecase.go:78.3,79.19 2 7
processing_core/internal/usecases/internal_usecase.go:79.19,81.4 1 1
processing_core/internal/usecases/internal_usecase.go:82.3,82.29 1 6
processing_core/internal/usecases/internal_usecase.go:82.29,84.4 1 1
processing_core/internal/usecases/internal_usecase.go:85.3,86.19 2 5
processing_core/internal/usecases/internal_usecase.go:86.19,88.4 1 1
processing_core/internal/usecases/internal_usecase.go:90.3,91.19 2 4
processing_core/internal/usecases/internal_usecase.go:91.19,92.40 1 1
processing_core/internal/usecases/internal_usecase.go:92.40,94.5 1 1
processing_core/internal/usecases/internal_usecase.go:96.3,97.19 2 3
processing_core/internal/usecases/internal_usecase.go:97.19,99.4 1 1
processing_core/internal/usecases/internal_usecase.go:101.3,102.19 2 2
processing_core/internal/usecases/internal_usecase.go:102.19,104.4 1 1
processing_core/internal/usecases/internal_usecase.go:105.3,105.13 1 1
processing_core/internal/usecases/internal_usecase.go:107.2,107.16 1 9
processing_core/internal/usecases/internal_usecase.go:107.16,111.3 1 8
processing_core/internal/usecases/internal_usecase.go:113.2,115.8 1 1
processing_core/internal/usecases/sbp_outgoing_usecase.go:50.23,57.2 1 0
processing_core/internal/usecases/sbp_outgoing_usecase.go:59.141,65.99 4 7
processing_core/internal/usecases/sbp_outgoing_usecase.go:65.99,69.3 1 1
processing_core/internal/usecases/sbp_outgoing_usecase.go:71.2,71.62 1 6
processing_core/internal/usecases/sbp_outgoing_usecase.go:71.62,76.19 4 6
processing_core/internal/usecases/sbp_outgoing_usecase.go:76.19,78.4 1 1
processing_core/internal/usecases/sbp_outgoing_usecase.go:80.3,81.19 2 5
processing_core/internal/usecases/sbp_outgoing_usecase.go:81.19,83.4 1 1
processing_core/internal/usecases/sbp_outgoing_usecase.go:84.3,84.29 1 4
processing_core/internal/usecases/sbp_outgoing_usecase.go:84.29,86.4 1 1
processing_core/internal/usecases/sbp_outgoing_usecase.go:87.3,88.19 2 3
processing_core/internal/usecases/sbp_outgoing_usecase.go:88.19,90.4 1 1
processing_core/internal/usecases/sbp_outgoing_usecase.go:91.3,92.19 2 2
processing_core/internal/usecases/sbp_outgoing_usecase.go:92.19,94.4 1 1
processing_core/internal/usecases/sbp_outgoing_usecase.go:95.3,95.13 1 1
processing_core/internal/usecases/sbp_outgoing_usecase.go:97.2,97.16 1 6
processing_core/internal/usecases/sbp_outgoing_usecase.go:97.16,101.3 1 5
processing_core/internal/usecases/sbp_outgoing_usecase.go:103.2,107.8 2 1
processing_core/internal/outbox/event_type.go:10.37,11.12 1 3
processing_core/internal/outbox/event_type.go:12.24,13.19 1 1
processing_core/internal/outbox/event_type.go:14.28,15.23 1 1
processing_core/internal/outbox/event_type.go:16.10,17.19 1 1
processing_core/internal/outbox/outbox.go:33.107,39.2 1 0
processing_core/internal/outbox/outbox.go:41.63,45.6 3 8
processing_core/internal/outbox/outbox.go:45.6,46.10 1 16
processing_core/internal/outbox/outbox.go:47.21,48.20 1 8
processing_core/internal/outbox/outbox.go:49.19,51.18 2 8
processing_core/internal/outbox/outbox.go:51.18,53.13 1 5
processing_core/internal/outbox/outbox.go:59.67,65.60 2 8
processing_core/internal/outbox/outbox.go:65.60,68.3 2 7
processing_core/internal/outbox/outbox.go:69.2,69.16 1 8
processing_core/internal/outbox/outbox.go:69.16,71.3 1 2
processing_core/internal/outbox/outbox.go:72.2,72.20 1 6
processing_core/internal/outbox/outbox.go:72.20,74.3 1 2
processing_core/internal/outbox/outbox.go:76.2,77.16 2 4
processing_core/internal/outbox/outbox.go:77.16,79.3 1 1
processing_core/internal/outbox/outbox.go:81.2,81.60 1 3
processing_core/internal/outbox/outbox.go:81.60,83.19 2 2
processing_core/internal/outbox/outbox.go:83.19,85.4 1 1
processing_core/internal/outbox/outbox.go:86.3,86.13 1 1
processing_core/internal/outbox/outbox.go:88.2,88.16 1 3
processing_core/internal/outbox/outbox.go:88.16,90.3 1 2
processing_core/internal/outbox/outbox.go:92.2,92.12 1 1
processing_core/internal/repository/balance_repo.go:15.104,25.16 5 9
processing_core/internal/repository/balance_repo.go:25.16,27.3 1 0
processing_core/internal/repository/balance_repo.go:28.2,30.16 2 9
processing_core/internal/repository/balance_repo.go:30.16,32.3 1 1
processing_core/internal/repository/balance_repo.go:34.2,34.24 1 8
processing_core/internal/repository/balance_repo.go:34.24,36.3 1 0
processing_core/internal/repository/balance_repo.go:37.2,37.26 1 8
processing_core/internal/repository/balance_repo.go:40.107,62.16 6 11
processing_core/internal/repository/balance_repo.go:62.16,64.3 1 0
processing_core/internal/repository/balance_repo.go:65.2,65.12 1 11
processing_core/internal/repository/mapper.go:10.99,25.2 1 0
processing_core/internal/repository/mapper.go:27.97,42.2 1 0
processing_core/internal/repository/mapper.go:44.107,59.2 1 0
processing_core/internal/repository/mapper.go:61.101,76.2 1 0
processing_core/internal/repository/outbox_repo.go:22.107,25.16 3 4
processing_core/internal/repository/outbox_repo.go:25.16,27.3 1 0
processing_core/internal/repository/outbox_repo.go:29.2,47.16 5 4
processing_core/internal/repository/outbox_repo.go:47.16,49.3 1 0
processing_core/internal/repository/outbox_repo.go:51.2,51.12 1 4
processing_core/internal/repository/outbox_repo.go:54.101,55.28 1 12
processing_core/internal/repository/outbox_repo.go:55.28,57.3 1 2
processing_core/internal/repository/outbox_repo.go:58.2,58.26 1 10
processing_core/internal/repository/outbox_repo.go:59.38,60.45 1 3
processing_core/internal/repository/outbox_repo.go:61.36,62.43 1 4
processing_core/internal/repository/outbox_repo.go:63.37,64.44 1 1
processing_core/internal/repository/outbox_repo.go:65.41,66.48 1 1
processing_core/internal/repository/outbox_repo.go:67.10,68.44 1 1
processing_core/internal/repository/outbox_repo.go:72.102,81.33 2 6
processing_core/internal/repository/outbox_repo.go:81.33,83.3 1 4
processing_core/internal/repository/outbox_repo.go:84.2,84.32 1 6
processing_core/internal/repository/outbox_repo.go:84.32,86.3 1 4
processing_core/internal/repository/outbox_repo.go:87.2,87.35 1 6
processing_core/internal/repository/outbox_repo.go:87.35,89.3 1 3
processing_core/internal/repository/outbox_repo.go:90.2,90.36 1 6
processing_core/internal/repository/outbox_repo.go:90.36,92.3 1 1
processing_core/internal/repository/outbox_repo.go:93.2,93.30 1 6
processing_core/internal/repository/outbox_repo.go:93.30,95.3 1 1
processing_core/internal/repository/outbox_repo.go:97.2,113.12 2 6
processing_core/internal/repository/outbox_repo.go:116.96,130.16 5 0
processing_core/internal/repository/outbox_repo.go:130.16,132.3 1 0
processing_core/internal/repository/outbox_repo.go:133.2,134.16 2 0
processing_core/internal/repository/outbox_repo.go:134.16,136.3 1 0
processing_core/internal/repository/outbox_repo.go:137.2,137.18 1 0
processing_core/internal/repository/outbox_repo.go:140.92,149.2 5 1
processing_core/internal/repository/settings.go:17.74,19.16 2 24
processing_core/internal/repository/settings.go:19.16,21.3 1 0
processing_core/internal/repository/settings.go:22.2,22.40 1 24
processing_core/internal/repository/settings.go:26.87,27.17 1 0
processing_core/internal/repository/settings.go:27.17,29.17 2 0
processing_core/internal/repository/settings.go:29.17,32.4 2 0
processing_core/internal/repository/settings.go:34.3,35.21 2 0
processing_core/internal/repository/settings.go:35.21,38.4 2 0
processing_core/internal/repository/settings.go:40.2,40.26 1 0
processing_core/internal/repository/settings.go:47.55,49.16 2 0
processing_core/internal/repository/settings.go:49.16,50.13 1 0
processing_core/internal/repository/settings.go:52.2,54.3 1 0
processing_core/internal/repository/testdb.go:23.10,31.19 5 24
processing_core/internal/repository/testdb.go:31.19,33.3 1 24
processing_core/internal/repository/testdb.go:35.2,35.15 1 24
processing_core/internal/repository/testdb.go:43.17,49.69 4 24
processing_core/internal/repository/testdb.go:49.69,52.3 2 25
processing_core/internal/repository/testdb.go:54.2,57.19 3 24
processing_core/internal/repository/testdb.go:57.19,59.3 1 24
processing_core/internal/repository/testdb.go:61.2,61.13 1 24
processing_core/internal/repository/testdb.go:64.42,70.6 4 24
processing_core/internal/repository/testdb.go:70.6,71.65 1 72
processing_core/internal/repository/testdb.go:71.65,73.4 1 24
processing_core/internal/repository/testdb.go:75.3,76.19 2 48
processing_core/internal/repository/testdb.go:76.19,78.4 1 0
processing_core/internal/repository/testdb.go:79.3,79.14 1 48
processing_core/internal/repository/testdb.go:82.41,92.2 6 24
processing_core/internal/repository/testdb.go:94.58,106.46 6 24
processing_core/internal/repository/testdb.go:106.46,108.3 1 0
processing_core/internal/repository/testdb.go:114.9,129.2 8 24
processing_core/internal/repository/transaction_repo.go:34.112,44.16 5 9
processing_core/internal/repository/transaction_repo.go:44.16,46.3 1 1
processing_core/internal/repository/transaction_repo.go:47.2,47.12 1 8
processing_core/internal/repository/transaction_repo.go:51.112,74.16 5 2
processing_core/internal/repository/transaction_repo.go:74.16,76.3 1 0
processing_core/internal/repository/transaction_repo.go:77.2,77.46 1 2
processing_core/internal/repository/transaction_repo.go:81.128,88.22 4 16
processing_core/internal/repository/transaction_repo.go:88.22,90.3 1 1
processing_core/internal/repository/transaction_repo.go:91.2,91.33 1 16
processing_core/internal/repository/transaction_repo.go:91.33,93.3 1 3
processing_core/internal/repository/transaction_repo.go:94.2,94.28 1 16
processing_core/internal/repository/transaction_repo.go:94.28,96.3 1 3
processing_core/internal/repository/transaction_repo.go:97.2,97.30 1 16
processing_core/internal/repository/transaction_repo.go:97.30,99.3 1 1
processing_core/internal/repository/transaction_repo.go:100.2,100.35 1 16
processing_core/internal/repository/transaction_repo.go:100.35,111.3 1 2
processing_core/internal/repository/transaction_repo.go:112.2,112.28 1 16
processing_core/internal/repository/transaction_repo.go:112.28,114.3 1 1
processing_core/internal/repository/transaction_repo.go:115.2,115.27 1 16
processing_core/internal/repository/transaction_repo.go:115.27,117.3 1 2
processing_core/internal/repository/transaction_repo.go:118.2,118.29 1 16
processing_core/internal/repository/transaction_repo.go:118.29,120.3 1 1
processing_core/internal/repository/transaction_repo.go:121.2,121.29 1 16
processing_core/internal/repository/transaction_repo.go:121.29,123.3 1 1
processing_core/internal/repository/transaction_repo.go:124.2,124.33 1 16
processing_core/internal/repository/transaction_repo.go:124.33,126.3 1 1
processing_core/internal/repository/transaction_repo.go:127.2,127.31 1 16
processing_core/internal/repository/transaction_repo.go:127.31,129.3 1 1
processing_core/internal/repository/transaction_repo.go:132.2,132.25 1 16
processing_core/internal/repository/transaction_repo.go:132.25,134.40 2 13
processing_core/internal/repository/transaction_repo.go:134.40,136.4 1 4
processing_core/internal/repository/transaction_repo.go:137.3,137.33 1 13
processing_core/internal/repository/transaction_repo.go:141.2,144.25 2 16
processing_core/internal/repository/transaction_repo.go:144.25,146.3 1 2
processing_core/internal/repository/transaction_repo.go:147.2,147.26 1 16
processing_core/internal/repository/transaction_repo.go:147.26,149.3 1 1
processing_core/internal/repository/transaction_repo.go:151.2,154.16 3 16
processing_core/internal/repository/transaction_repo.go:154.16,156.3 1 0
processing_core/internal/repository/transaction_repo.go:158.2,159.16 2 16
processing_core/internal/repository/transaction_repo.go:159.16,161.3 1 0
processing_core/internal/repository/transaction_repo.go:163.2,163.26 1 16
processing_core/internal/repository/txrepo.go:14.73,15.15 1 48
processing_core/internal/repository/txrepo.go:15.15,17.3 1 1
processing_core/internal/repository/txrepo.go:19.2,20.37 2 47
processing_core/internal/repository/txrepo.go:20.37,22.3 1 43
processing_core/internal/repository/txrepo.go:30.62,32.16 2 51
processing_core/internal/repository/txrepo.go:32.16,34.3 1 0
processing_core/internal/repository/txrepo.go:36.2,36.16 1 51
processing_core/internal/repository/txrepo.go:40.64,42.2 1 44
processing_core/internal/repository/txrepo.go:45.83,47.16 2 46
processing_core/internal/repository/txrepo.go:47.16,49.3 1 0
processing_core/internal/repository/txrepo.go:50.2,52.16 3 46
processing_core/internal/repository/txrepo.go:52.16,54.3 1 43
processing_core/internal/repository/txrepo.go:55.2,55.12 1 3
processing_core/internal/repository/txrepo.go:59.86,63.16 3 4
processing_core/internal/repository/txrepo.go:63.16,65.3 1 0
processing_core/internal/repository/txrepo.go:67.2,68.16 2 4
processing_core/internal/repository/txrepo.go:68.16,70.3 1 0
processing_core/internal/repository/txrepo.go:72.2,72.12 1 4
